// Jest Snapshot v1, https://goo.gl/fbAQLP

exports[`wallet renders properly 1`] = `ShallowWrapper {}`;
